# Mixamo rig onto itself (sword_run.glb / test_player.glb). One src=dst per line.
mixamorig:Hips=mixamorig:Hips
mixamorig:Spine=mixamorig:Spine
mixamorig:Spine1=mixamorig:Spine1
mixamorig:Spine2=mixamorig:Spine2
mixamorig:Neck=mixamorig:Neck
mixamorig:Head=mixamorig:Head
mixamorig:HeadTop_End=mixamorig:HeadTop_End
mixamorig:LeftShoulder=mixamorig:LeftShoulder
mixamorig:LeftArm=mixamorig:LeftArm
mixamorig:LeftForeArm=mixamorig:LeftForeArm
mixamorig:LeftHand=mixamorig:LeftHand
mixamorig:RightShoulder=mixamorig:RightShoulder
mixamorig:RightArm=mixamorig:RightArm
mixamorig:RightForeArm=mixamorig:RightForeArm
mixamorig:RightHand=mixamorig:RightHand
mixamorig:LeftUpLeg=mixamorig:LeftUpLeg
mixamorig:LeftLeg=mixamorig:LeftLeg
mixamorig:LeftFoot=mixamorig:LeftFoot
mixamorig:LeftToeBase=mixamorig:LeftToeBase
mixamorig:LeftToe_End=mixamorig:LeftToe_End
mixamorig:RightUpLeg=mixamorig:RightUpLeg
mixamorig:RightLeg=mixamorig:RightLeg
mixamorig:RightFoot=mixamorig:RightFoot
mixamorig:RightToeBase=mixamorig:RightToeBase
mixamorig:RightToe_End=mixamorig:RightToe_End
